C51 COMPILER V9.52.0.0   MAIN                                                              09/09/2018 20:16:01 PAGE 1   


C51 COMPILER V9.52.0.0, COMPILATION OF MODULE MAIN
OBJECT MODULE PLACED IN .\Objects\main.obj
COMPILER INVOKED BY: C:\Keil\C51\BIN\C51.EXE main.c BROWSE INCDIR(..\SYSTEM;..\HARDWARE;..\USER) DEBUG OBJECTEXTEND PRIN
                    -T(.\Listings\main.lst) TABS(2) OBJECT(.\Objects\main.obj)

line level    source

   1          #include  "config.h"
   2          #include  "Serial.h"//串口1(P3.0/RxD, P3.1/TxD)
   3          #include  "AD.h"
   4          #include <myself.h>
   5          
   6          sbit TestKey = P5^4;//测试按键
   7          sbit TestLed = P5^5;//测试LED
   8          
   9          void main()
  10          {
  11   1        extern bit bS1Rec,bFlag2ms;//串口接收到数据标志
  12   1        extern unsigned char cS1Rec;//串口接收到字符
  13   1      
  14   1        bit TestKeyLastTime=TestKey;
  15   1        bit tempTestKey=0;
  16   1        
  17   1        unsigned char xdata cJudgeKey=0;//用于判断按键的变量
  18   1        
  19   1        GPIO_Inilize(GPIO_P0,GPIO_PullUp);//IO初始化//上拉准双向口
  20   1        GPIO_Inilize(GPIO_P1,GPIO_PullUp);//IO初始化//上拉准双向口
  21   1        GPIO_Inilize(GPIO_P2,GPIO_PullUp);//IO初始化//上拉准双向口
  22   1        GPIO_Inilize(GPIO_P3,GPIO_PullUp);//IO初始化//上拉准双向口
  23   1        GPIO_Inilize(GPIO_P4,GPIO_PullUp);//IO初始化//上拉准双向口
  24   1        GPIO_Inilize(GPIO_P5,GPIO_PullUp);//IO初始化//上拉准双向口
  25   1        GPIO_Inilize(GPIO_P5.4,GPIO_HighZ);//测试按键口浮空输入 
  26   1      
  27   1        DelayNms(1);//空调用，避免占用低128字节的Data空间
  28   1      //  
  29   1        Uart1Init();//串口1初始化
  30   1        Timer0Init();//定时器0初始化
  31   1      
  32   1      //  S1SendData(0x55);//串口1 HEX模式发送测试
  33   1        S1SendString("\r\nSTC15F2K60S2_S1\r\nUart Test111 !\r\n");//串口1 文本模式发送测试
  34   1        while(1)
  35   1        { 
  36   2      
  37   2          //测试按键和LED
  38   2          if(bFlag2ms==1)
  39   2          {
  40   3      
  41   3            bFlag2ms=0;
  42   3            cJudgeKey=(cJudgeKey<<1) | TestKey; // 判断值左移一位 ，并将当前扫描值入最低
  43   3            if(cJudgeKey==0x00)//按键按下
  44   3            {
  45   4              TestKeyLastTime=TestKey;//记录状态
  46   4              
  47   4            }
  48   3            else if((cJudgeKey==0xFF) && (TestKeyLastTime!=TestKey))//按键从按下到抬起稳定
  49   3            {
  50   4              TestKeyLastTime=TestKey;
  51   4              TestLed=~TestLed;//LED状态反转
  52   4              S1SendData(0xAA);//串口发送     
  53   4            }     
  54   3            else 
C51 COMPILER V9.52.0.0   MAIN                                                              09/09/2018 20:16:01 PAGE 2   

  55   3            {}
  56   3            
  57   3          }
  58   2      
  59   2          
  60   2          //测试串口接收功能,
  61   2          //注意S1ReceiveData()函数如果未接收到数据，则死循环等待
  62   2          if(bS1Rec==1)//接收数据测试，通过串口调试助手发送0x01
  63   2          {
  64   3            if(cS1Rec==0x01)
  65   3            {
  66   4              bS1Rec=0;
  67   4              cS1Rec=0;
  68   4              S1SendData(0x55);//串口1 HEX模式发送测试        
  69   4            }
  70   3      
  71   3          }   
  72   2          
  73   2          
  74   2        }
  75   1      }
  76          
  77          


MODULE INFORMATION:   STATIC OVERLAYABLE
   CODE SIZE        =    177    ----
   CONSTANT SIZE    =     36    ----
   XDATA SIZE       =   ----       1
   PDATA SIZE       =   ----    ----
   DATA SIZE        =   ----    ----
   IDATA SIZE       =   ----    ----
   BIT SIZE         =   ----       2
END OF MODULE INFORMATION.


C51 COMPILATION COMPLETE.  0 WARNING(S),  0 ERROR(S)
