C51 COMPILER V9.57.0.0   MAIN                                                              03/22/2019 10:51:37 PAGE 1   


C51 COMPILER V9.57.0.0, COMPILATION OF MODULE MAIN
OBJECT MODULE PLACED IN .\Objects\main.obj
COMPILER INVOKED BY: D:\KEIL\ARM\C51\BIN\C51.EXE main.c OPTIMIZE(8,SPEED) BROWSE INCDIR(..\SYSTEM;..\HARDWARE;..\USER) D
                    -EBUG OBJECTEXTEND PRINT(.\Listings\main.lst) TABS(2) OBJECT(.\Objects\main.obj)

line level    source

   1          #include  "config.h"
   2          #include "intrins.h"
   3          #include <Motor.h>
   4          #include  "Serial.h"
   5          #include "AD.h"
   6          
   7          #define TurnOn 0;  //灯亮
   8          #define TurnOff 1; //灯灭
   9           
  10          unsigned char speed;
  11          unsigned int time;
  12          unsigned char receive,i;
  13          
  14          sbit LED=P5^5;
  15            
  16          void Timer0Init(void);    //1ms@11.0592MHz
  17          void PWM_init();
  18          void PWM_Contrl(unsigned char count);
  19          
  20          void main()
  21          {
  22   1        extern bit uart_flag;//串口接收到数据标志
  23   1        
  24   1        Motor_Init();  //直流电机初始化
  25   1        Exinit();      //外部中断初始化
  26   1        
  27   1        ADC_init();    //AD初始化
  28   1        
  29   1        PS=1;          //串口优先级为高
  30   1        PT0=0;
  31   1        Uart1Init();  //串口初始化
  32   1        Timer0Init();  //定时器0初始化
  33   1        PWM_init();     //PCA初始化
  34   1        EA = 1; 
  35   1      
  36   1        while(1)
  37   1        { 
  38   2          ADC_contrl(); //AD设置
  39   2          ADC_data();   //读出数据
  40   2          Converse();   //角度转换
  41   2          Motor_TN();
  42   2      
  43   2          if(uart_flag==1)   //若正确接收到一帧数据
  44   2          {
  45   3            LED=TurnOn;
  46   3            receive=cS1Rec[6];
  47   3            
  48   3            
  49   3            uart_flag=0;     //标志位清零
  50   3            
  51   3          }
  52   2          PWM_Contrl(receive);
  53   2        }
  54   1      }
C51 COMPILER V9.57.0.0   MAIN                                                              03/22/2019 10:51:37 PAGE 2   

  55          
  56          
  57          void Timer0Init(void)   //1ms@24MHz
  58          {
  59   1        AUXR |= 0x80;   //定时器时钟1T模式
  60   1        TMOD &= 0xF0;   //设置定时器模式
  61   1        TL0 = 0x40;   //设置定时初值
  62   1        TH0 = 0xA2;   //设置定时初值
  63   1        TF0 = 0;    //清除TF0标志
  64   1        TR0 = 1;    //定时器0开始计时
  65   1        
  66   1        ET0=1;
  67   1      }
  68          
  69          void Timer0(void) interrupt 1 using 1
  70          {
  71   1        time++;
  72   1        if(time==1000)  //时间到了一秒
  73   1        {
  74   2          time=0;
  75   2          EX0=0;
  76   2          speed=countfall/390;  //计算速度
  77   2          ang[2]=speed;
  78   2          countfall=0;
  79   2          for(i=0;i<3;i++)
  80   2          {
  81   3            S1SendData(ang[i]);
  82   3          }
  83   2          if(i==3)
  84   2          {
  85   3            i=0;
  86   3          }
  87   2          EX0=1;
  88   2        }
  89   1        
  90   1      }
  91          
  92          void PWM_init()
  93          {
  94   1          CCON = 0x00;
  95   1          CMOD = 0x00;                                //PCA时钟为系统时钟/12 3K
  96   1          CL = 0x00;
  97   1          CH = 0x00;
  98   1          CCAPM0 = 0x42;                              //PCA模块0为PWM工作模式
  99   1          PCA_PWM0 = 0x00;                            //PCA模块0输出8位PWM
 100   1      }
 101          
 102          void PWM_contrl(unsigned char count)
 103          {
 104   1          CCAP0L = count;                              //PWM占空比为[(100H-count)/100H]
 105   1          CCAP0H = count;
 106   1      
 107   1          CR = 1;                                     //启动PCA计时器
 108   1      }


MODULE INFORMATION:   STATIC OVERLAYABLE
   CODE SIZE        =    196    ----
   CONSTANT SIZE    =   ----    ----
   XDATA SIZE       =   ----    ----
   PDATA SIZE       =   ----    ----
   DATA SIZE        =      5    ----
C51 COMPILER V9.57.0.0   MAIN                                                              03/22/2019 10:51:37 PAGE 3   

   IDATA SIZE       =   ----    ----
   BIT SIZE         =   ----    ----
END OF MODULE INFORMATION.


C51 COMPILATION COMPLETE.  0 WARNING(S),  0 ERROR(S)
